// Jest Snapshot v1, https://goo.gl/fbAQLP

exports[`Home Component Should render Home component 1`] = `
<div>
  <div
    class="container"
  >
    <div
      class="row"
    >
      <div
        class="col"
      >
        <div
          class="mt-5 jumbotron"
        >
          <h1>
             Welcome to Project Management Tool!! 
          </h1>
        </div>
      </div>
    </div>
  </div>
</div>
`;
