// Jest Snapshot v1, https://goo.gl/fbAQLP

exports[`Add User Component Should render Add User component 1`] = `
<div>
  <div
    class="row"
  >
    <div
      class="mt-3 col"
    >
      <form>
        <input
          class="mb-2 mt-2 form-control"
          name="firstName"
          placeholder="FirstName"
          required=""
          value=""
        />
        <div
          class="invalid-feedback"
        />
        <input
          class="mb-2 mt-2 form-control"
          name="lastName"
          placeholder="LastName"
          required=""
          value=""
        />
        <div
          class="invalid-feedback"
        />
        <input
          class="mb-2 mt-2 form-control"
          name="empId"
          placeholder="Employee ID"
          required=""
          value=""
        />
        <div
          class="invalid-feedback"
        />
        <div
          class="float-right"
        >
          <button
            class="ml-2 mr-2 btn btn-primary"
            disabled=""
            type="submit"
          >
            Add
          </button>
          <button
            class="btn btn-outline-secondary"
            type="button"
          >
            Reset
          </button>
        </div>
      </form>
    </div>
  </div>
  <hr />
  <div
    class="row"
  >
    <div
      class="col"
    >
      <div
        class="fade alert alert-warning show"
        role="alert"
      >
        Users are not available in database!!
      </div>
      <div
        class="list-group"
      />
    </div>
  </div>
</div>
`;

exports[`Home Component Should render Home component 1`] = `
<div>
  <div
    class="row"
  >
    <div
      class="mt-3 col"
    >
      <form>
        <input
          class="mb-2 mt-2 form-control"
          name="firstName"
          placeholder="FirstName"
          required=""
          value=""
        />
        <div
          class="invalid-feedback"
        />
        <input
          class="mb-2 mt-2 form-control"
          name="lastName"
          placeholder="LastName"
          required=""
          value=""
        />
        <div
          class="invalid-feedback"
        />
        <input
          class="mb-2 mt-2 form-control"
          name="empId"
          placeholder="Employee ID"
          required=""
          value=""
        />
        <div
          class="invalid-feedback"
        />
        <div
          class="float-right"
        >
          <button
            class="ml-2 mr-2 btn btn-primary"
            disabled=""
            type="submit"
          >
            Add
          </button>
          <button
            class="btn btn-outline-secondary"
            type="button"
          >
            Reset
          </button>
        </div>
      </form>
    </div>
  </div>
  <hr />
  <div
    class="row"
  >
    <div
      class="col"
    >
      <div
        class="fade alert alert-warning show"
        role="alert"
      >
        Users are not available in database!!
      </div>
      <div
        class="list-group"
      />
    </div>
  </div>
</div>
`;
